// Jest Snapshot v1, https://goo.gl/fbAQLP

exports[`test Header component should render component 1`] = `
<div
  className="Loader"
>
  <Loader
    className=""
    color="#ffaf30"
    height={100}
    style={Object {}}
    timeout={0}
    type="Circles"
    visible={true}
    width={100}
  />
</div>
`;
